[2025-05-03T08:12:12.950Z] Starting code generation process...
[2025-05-03T08:12:20.108Z] Projects created:
[2025-05-03T08:12:20.109Z] Code generation completed successfully
[2025-05-03T08:14:03.860Z] Starting code generation process...
[2025-05-03T08:14:11.045Z] Projects created:
[2025-05-03T08:14:11.045Z] Code generation completed successfully
[2025-05-03T08:29:56.359Z] Starting code generation process...
[2025-05-03T08:30:02.494Z] Projects created:
[2025-05-03T08:30:02.495Z] Code generation completed successfully
[2025-05-03T08:49:14.311Z] Starting code generation process...
[2025-05-03T08:49:21.289Z] Projects created/updated: web-app-helpful-service-191
[2025-05-03T08:49:21.290Z] Code generation completed successfully
[2025-05-03T08:58:29.523Z] Starting code generation process...
[2025-05-03T08:58:36.821Z] Projects created/updated: api-service-fast-app-895
[2025-05-03T08:58:36.821Z] Code generation completed successfully
[2025-05-03T09:00:00.646Z] Scheduled job started
[2025-05-03T09:00:00.648Z] Starting code generation process...
[2025-05-03T09:02:39.599Z] Starting code generation process...
[2025-05-03T09:02:46.706Z] Projects created/updated: web-app-fast-utility-566
[2025-05-03T09:02:46.707Z] Code generation completed successfully
[2025-05-03T09:43:54.737Z] Starting code generation process...
[2025-05-03T09:44:00.036Z] Projects created/updated: api-service-helpful-tool-35
[2025-05-03T09:44:00.036Z] Code generation completed successfully
[2025-05-03T11:34:25.826Z] Starting code generation process...
[2025-05-03T11:34:31.080Z] Projects created/updated: api-service-helpful-platform-336
[2025-05-03T11:34:31.080Z] Code generation completed successfully
[2025-05-03T12:50:04.249Z] Starting code generation process...
[2025-05-03T12:50:09.749Z] Projects created/updated: web-app-awesome-framework-731
[2025-05-03T12:50:09.750Z] Code generation completed successfully
