2025-05-02 22:28:20: warning: in the working copy of 'api-service-clever-solution-611/.env', LF will be replaced by CRLF the next time Git touches it
2025-05-02 22:28:20: warning: in the working copy of 'api-service-clever-solution-611/README.md', LF will be replaced by CRLF the next time Git touches it
2025-05-02 22:28:20: warning: in the working copy of 'api-service-clever-solution-611/package.json', LF will be replaced by CRLF the next time Git touches it
2025-05-02 22:28:20: warning: in the working copy of 'api-service-clever-solution-611/src/index.js', LF will be replaced by CRLF the next time Git touches it
2025-05-02 22:28:25: To https://github.com/NyamaoGregoryKaiser/Ideas.git
2025-05-02 22:28:25:    0ae413f..26ca393  main -> main
2025-05-02 22:30:22: warning: in the working copy of 'utility-library-great-system-301/README.md', LF will be replaced by CRLF the next time Git touches it
2025-05-02 22:30:22: warning: in the working copy of 'utility-library-great-system-301/package.json', LF will be replaced by CRLF the next time Git touches it
2025-05-02 22:30:22: warning: in the working copy of 'utility-library-great-system-301/src/utils.js', LF will be replaced by CRLF the next time Git touches it
2025-05-02 22:30:22: warning: in the working copy of 'utility-library-great-system-301/tests/utils.test.js', LF will be replaced by CRLF the next time Git touches it
2025-05-02 22:30:28: To https://github.com/NyamaoGregoryKaiser/Ideas.git
2025-05-02 22:30:28:    26ca393..0acc596  main -> main
[2025-05-03T09:00:05.027Z] ERROR: Error in main process: Cannot read properties of null (reading '1')
[2025-05-03T09:00:05.037Z] ERROR: TypeError: Cannot read properties of null (reading '1')
    at addCodeToProject (C:\Users\admin\Desktop\PROJECTS\my-project\ALARDS\gitpush\trics\gencode.js:1344:61)
    at ensureProjectExists (C:\Users\admin\Desktop\PROJECTS\my-project\ALARDS\gitpush\trics\gencode.js:181:5)
    at main (C:\Users\admin\Desktop\PROJECTS\my-project\ALARDS\gitpush\trics\gencode.js:1595:22)
    at Task._execution (C:\Users\admin\Desktop\PROJECTS\my-project\ALARDS\gitpush\trics\gencode.js:1607:5)
    at Task.execute (C:\Users\admin\Desktop\PROJECTS\my-project\ALARDS\gitpush\trics\node_modules\node-cron\src\task.js:17:25)
    at ScheduledTask.now (C:\Users\admin\Desktop\PROJECTS\my-project\ALARDS\gitpush\trics\node_modules\node-cron\src\scheduled-task.js:38:33)
    at Scheduler.<anonymous> (C:\Users\admin\Desktop\PROJECTS\my-project\ALARDS\gitpush\trics\node_modules\node-cron\src\scheduled-task.js:25:18)
    at Scheduler.emit (node:events:518:28)
    at Timeout.matchTime [as _onTimeout] (C:\Users\admin\Desktop\PROJECTS\my-project\ALARDS\gitpush\trics\node_modules\node-cron\src\scheduler.js:30:26)
    at listOnTimeout (node:internal/timers:594:17)
